<?xml version="1.0" encoding="ISO-8859-1" ?>
<link_info>
   <banner>TI ARM Clang Linker Unix v3.2.1.LTS</banner>
   <copyright>Copyright (c) 1996-2018 Texas Instruments Incorporated</copyright>
   <link_time>0x675670db</link_time>
   <link_errors>0x0</link_errors>
   <output_file>/Users/Cole_Flournoy/workspace_v12/gpiointerrupt_CC3220SF_LAUNCHXL_nortos_ticlang/MCU+Image/gpiointerrupt_CC3220SF_LAUNCHXL_nortos_ticlang.out</output_file>
   <entry_point>
      <name>resetISR</name>
      <address>0x10035d9</address>
   </entry_point>
   <input_file_list>
      <input_file id="fl-1">
         <path>/Users/Cole_Flournoy/workspace_v12/gpiointerrupt_CC3220SF_LAUNCHXL_nortos_ticlang/MCU+Image/./</path>
         <kind>object</kind>
         <file>gpiointerrupt.o</file>
         <name>gpiointerrupt.o</name>
      </input_file>
      <input_file id="fl-2">
         <path>/Users/Cole_Flournoy/workspace_v12/gpiointerrupt_CC3220SF_LAUNCHXL_nortos_ticlang/MCU+Image/./syscfg/</path>
         <kind>object</kind>
         <file>ti_drivers_config.o</file>
         <name>ti_drivers_config.o</name>
      </input_file>
      <input_file id="fl-3">
         <path>/Users/Cole_Flournoy/workspace_v12/gpiointerrupt_CC3220SF_LAUNCHXL_nortos_ticlang/MCU+Image/./</path>
         <kind>object</kind>
         <file>main_nortos.o</file>
         <name>main_nortos.o</name>
      </input_file>
      <input_file id="fl-13">
         <path>/Users/Cole_Flournoy/workspace_v12/gpiointerrupt_CC3220SF_LAUNCHXL_nortos_ticlang/MCU+Image/</path>
         <kind>object</kind>
         <file>&lt;internal&gt;</file>
         <name>&lt;internal&gt;</name>
      </input_file>
      <input_file id="fl-14">
         <path>/Applications/ti/simplelink_cc32xx_sdk_7_10_00_13/source/ti/drivers/lib/ticlang/m4/</path>
         <kind>archive</kind>
         <file>drivers_cc32xx.a</file>
         <name>GPIO.c.obj</name>
      </input_file>
      <input_file id="fl-15">
         <path>/Applications/ti/simplelink_cc32xx_sdk_7_10_00_13/source/ti/drivers/lib/ticlang/m4/</path>
         <kind>archive</kind>
         <file>drivers_cc32xx.a</file>
         <name>GPIOCC32XX.c.obj</name>
      </input_file>
      <input_file id="fl-16">
         <path>/Applications/ti/simplelink_cc32xx_sdk_7_10_00_13/source/ti/drivers/lib/ticlang/m4/</path>
         <kind>archive</kind>
         <file>drivers_cc32xx.a</file>
         <name>PowerCC32XX.c.obj</name>
      </input_file>
      <input_file id="fl-17">
         <path>/Applications/ti/simplelink_cc32xx_sdk_7_10_00_13/source/ti/drivers/lib/ticlang/m4/</path>
         <kind>archive</kind>
         <file>drivers_cc32xx.a</file>
         <name>PowerCC32XX_ticlang.asm.obj</name>
      </input_file>
      <input_file id="fl-18">
         <path>/Applications/ti/simplelink_cc32xx_sdk_7_10_00_13/source/ti/drivers/lib/ticlang/m4/</path>
         <kind>archive</kind>
         <file>drivers_cc32xx.a</file>
         <name>Timer.c.obj</name>
      </input_file>
      <input_file id="fl-19">
         <path>/Applications/ti/simplelink_cc32xx_sdk_7_10_00_13/source/ti/drivers/lib/ticlang/m4/</path>
         <kind>archive</kind>
         <file>drivers_cc32xx.a</file>
         <name>TimerCC32XX.c.obj</name>
      </input_file>
      <input_file id="fl-1a">
         <path>/Applications/ti/simplelink_cc32xx_sdk_7_10_00_13/source/ti/drivers/lib/ticlang/m4/</path>
         <kind>archive</kind>
         <file>drivers_cc32xx.a</file>
         <name>List.c.obj</name>
      </input_file>
      <input_file id="fl-1b">
         <path>/Applications/ti/simplelink_cc32xx_sdk_7_10_00_13/kernel/nortos/lib/ticlang/m4/</path>
         <kind>archive</kind>
         <file>nortos_cc32xx.a</file>
         <name>NoRTOS.c.obj</name>
      </input_file>
      <input_file id="fl-1c">
         <path>/Applications/ti/simplelink_cc32xx_sdk_7_10_00_13/kernel/nortos/lib/ticlang/m4/</path>
         <kind>archive</kind>
         <file>nortos_cc32xx.a</file>
         <name>SemaphoreP_nortos.c.obj</name>
      </input_file>
      <input_file id="fl-1d">
         <path>/Applications/ti/simplelink_cc32xx_sdk_7_10_00_13/kernel/nortos/lib/ticlang/m4/</path>
         <kind>archive</kind>
         <file>nortos_cc32xx.a</file>
         <name>ClockPSysTick_nortos.c.obj</name>
      </input_file>
      <input_file id="fl-1e">
         <path>/Applications/ti/simplelink_cc32xx_sdk_7_10_00_13/kernel/nortos/lib/ticlang/m4/</path>
         <kind>archive</kind>
         <file>nortos_cc32xx.a</file>
         <name>HwiPCC32XX_nortos.c.obj</name>
      </input_file>
      <input_file id="fl-1f">
         <path>/Applications/ti/simplelink_cc32xx_sdk_7_10_00_13/kernel/nortos/lib/ticlang/m4/</path>
         <kind>archive</kind>
         <file>nortos_cc32xx.a</file>
         <name>PowerCC32XX_nortos.c.obj</name>
      </input_file>
      <input_file id="fl-20">
         <path>/Applications/ti/simplelink_cc32xx_sdk_7_10_00_13/kernel/nortos/lib/ticlang/m4/</path>
         <kind>archive</kind>
         <file>nortos_cc32xx.a</file>
         <name>startup_cc32xx_ticlang.c.obj</name>
      </input_file>
      <input_file id="fl-21">
         <path>/Applications/ti/simplelink_cc32xx_sdk_7_10_00_13/kernel/nortos/lib/ticlang/m4/</path>
         <kind>archive</kind>
         <file>nortos_cc32xx.a</file>
         <name>SwiP_nortos.c.obj</name>
      </input_file>
      <input_file id="fl-22">
         <path>/Applications/ti/simplelink_cc32xx_sdk_7_10_00_13/source/ti/devices/cc32xx/driverlib/ticlang/Release/</path>
         <kind>archive</kind>
         <file>driverlib.a</file>
         <name>cpu.obj</name>
      </input_file>
      <input_file id="fl-23">
         <path>/Applications/ti/simplelink_cc32xx_sdk_7_10_00_13/source/ti/devices/cc32xx/driverlib/ticlang/Release/</path>
         <kind>archive</kind>
         <file>driverlib.a</file>
         <name>gpio.obj</name>
      </input_file>
      <input_file id="fl-24">
         <path>/Applications/ti/simplelink_cc32xx_sdk_7_10_00_13/source/ti/devices/cc32xx/driverlib/ticlang/Release/</path>
         <kind>archive</kind>
         <file>driverlib.a</file>
         <name>hwspinlock.obj</name>
      </input_file>
      <input_file id="fl-25">
         <path>/Applications/ti/simplelink_cc32xx_sdk_7_10_00_13/source/ti/devices/cc32xx/driverlib/ticlang/Release/</path>
         <kind>archive</kind>
         <file>driverlib.a</file>
         <name>interrupt.obj</name>
      </input_file>
      <input_file id="fl-26">
         <path>/Applications/ti/simplelink_cc32xx_sdk_7_10_00_13/source/ti/devices/cc32xx/driverlib/ticlang/Release/</path>
         <kind>archive</kind>
         <file>driverlib.a</file>
         <name>pin.obj</name>
      </input_file>
      <input_file id="fl-27">
         <path>/Applications/ti/simplelink_cc32xx_sdk_7_10_00_13/source/ti/devices/cc32xx/driverlib/ticlang/Release/</path>
         <kind>archive</kind>
         <file>driverlib.a</file>
         <name>prcm.obj</name>
      </input_file>
      <input_file id="fl-28">
         <path>/Applications/ti/simplelink_cc32xx_sdk_7_10_00_13/source/ti/devices/cc32xx/driverlib/ticlang/Release/</path>
         <kind>archive</kind>
         <file>driverlib.a</file>
         <name>spi.obj</name>
      </input_file>
      <input_file id="fl-29">
         <path>/Applications/ti/simplelink_cc32xx_sdk_7_10_00_13/source/ti/devices/cc32xx/driverlib/ticlang/Release/</path>
         <kind>archive</kind>
         <file>driverlib.a</file>
         <name>systick.obj</name>
      </input_file>
      <input_file id="fl-2a">
         <path>/Applications/ti/simplelink_cc32xx_sdk_7_10_00_13/source/ti/devices/cc32xx/driverlib/ticlang/Release/</path>
         <kind>archive</kind>
         <file>driverlib.a</file>
         <name>timer.obj</name>
      </input_file>
      <input_file id="fl-2b">
         <path>/Applications/ti/simplelink_cc32xx_sdk_7_10_00_13/source/ti/devices/cc32xx/driverlib/ticlang/Release/</path>
         <kind>archive</kind>
         <file>driverlib.a</file>
         <name>utils.obj</name>
      </input_file>
      <input_file id="fl-2c">
         <path>/Applications/ti/simplelink_cc32xx_sdk_7_10_00_13/source/ti/devices/cc32xx/driverlib/ticlang/Release/</path>
         <kind>archive</kind>
         <file>driverlib.a</file>
         <name>flash.obj</name>
      </input_file>
      <input_file id="fl-3b">
         <path>/Applications/ti/ccs1281/ccs/tools/compiler/ti-cgt-armllvm_3.2.1.LTS/lib/armv7em-ti-none-eabi/c/</path>
         <kind>archive</kind>
         <file>libc.a</file>
         <name>memory.c.obj</name>
      </input_file>
      <input_file id="fl-3c">
         <path>/Applications/ti/ccs1281/ccs/tools/compiler/ti-cgt-armllvm_3.2.1.LTS/lib/armv7em-ti-none-eabi/c/</path>
         <kind>archive</kind>
         <file>libc.a</file>
         <name>boot_cortex_m.c.obj</name>
      </input_file>
      <input_file id="fl-3d">
         <path>/Applications/ti/ccs1281/ccs/tools/compiler/ti-cgt-armllvm_3.2.1.LTS/lib/armv7em-ti-none-eabi/c/</path>
         <kind>archive</kind>
         <file>libc.a</file>
         <name>mathacl_init.c.obj</name>
      </input_file>
      <input_file id="fl-3e">
         <path>/Applications/ti/ccs1281/ccs/tools/compiler/ti-cgt-armllvm_3.2.1.LTS/lib/armv7em-ti-none-eabi/c/</path>
         <kind>archive</kind>
         <file>libc.a</file>
         <name>autoinit.c.obj</name>
      </input_file>
      <input_file id="fl-3f">
         <path>/Applications/ti/ccs1281/ccs/tools/compiler/ti-cgt-armllvm_3.2.1.LTS/lib/armv7em-ti-none-eabi/c/</path>
         <kind>archive</kind>
         <file>libc.a</file>
         <name>pre_init.c.obj</name>
      </input_file>
      <input_file id="fl-40">
         <path>/Applications/ti/ccs1281/ccs/tools/compiler/ti-cgt-armllvm_3.2.1.LTS/lib/armv7em-ti-none-eabi/c/</path>
         <kind>archive</kind>
         <file>libc.a</file>
         <name>cpy_tbl.c.obj</name>
      </input_file>
      <input_file id="fl-41">
         <path>/Applications/ti/ccs1281/ccs/tools/compiler/ti-cgt-armllvm_3.2.1.LTS/lib/armv7em-ti-none-eabi/c/</path>
         <kind>archive</kind>
         <file>libc.a</file>
         <name>copy_zero_init.c.obj</name>
      </input_file>
      <input_file id="fl-42">
         <path>/Applications/ti/ccs1281/ccs/tools/compiler/ti-cgt-armllvm_3.2.1.LTS/lib/armv7em-ti-none-eabi/c/</path>
         <kind>archive</kind>
         <file>libc.a</file>
         <name>copy_decompress_none.c.obj</name>
      </input_file>
      <input_file id="fl-43">
         <path>/Applications/ti/ccs1281/ccs/tools/compiler/ti-cgt-armllvm_3.2.1.LTS/lib/armv7em-ti-none-eabi/c/</path>
         <kind>archive</kind>
         <file>libc.a</file>
         <name>copy_decompress_lzss.c.obj</name>
      </input_file>
      <input_file id="fl-44">
         <path>/Applications/ti/ccs1281/ccs/tools/compiler/ti-cgt-armllvm_3.2.1.LTS/lib/armv7em-ti-none-eabi/c/</path>
         <kind>archive</kind>
         <file>libc.a</file>
         <name>exit.c.obj</name>
      </input_file>
      <input_file id="fl-45">
         <path>/Applications/ti/ccs1281/ccs/tools/compiler/ti-cgt-armllvm_3.2.1.LTS/lib/armv7em-ti-none-eabi/c/</path>
         <kind>archive</kind>
         <file>libc.a</file>
         <name>_lock.c.obj</name>
      </input_file>
      <input_file id="fl-46">
         <path>/Applications/ti/ccs1281/ccs/tools/compiler/ti-cgt-armllvm_3.2.1.LTS/lib/armv7em-ti-none-eabi/c/</path>
         <kind>archive</kind>
         <file>libc.a</file>
         <name>args_main.c.obj</name>
      </input_file>
      <input_file id="fl-ac">
         <path>/Applications/ti/ccs1281/ccs/tools/compiler/ti-cgt-armllvm_3.2.1.LTS/lib/clang/15.0.7/lib/armv7em-ti-none-eabi/</path>
         <kind>archive</kind>
         <file>libclang_rt.builtins.a</file>
         <name>aeabi_memcpy.S.obj</name>
      </input_file>
      <input_file id="fl-ad">
         <path>/Applications/ti/ccs1281/ccs/tools/compiler/ti-cgt-armllvm_3.2.1.LTS/lib/clang/15.0.7/lib/armv7em-ti-none-eabi/</path>
         <kind>archive</kind>
         <file>libclang_rt.builtins.a</file>
         <name>aeabi_memset.S.obj</name>
      </input_file>
      <input_file id="fl-ae">
         <path>/Applications/ti/ccs1281/ccs/tools/compiler/ti-cgt-armllvm_3.2.1.LTS/lib/clang/15.0.7/lib/armv7em-ti-none-eabi/</path>
         <kind>archive</kind>
         <file>libclang_rt.builtins.a</file>
         <name>aeabi_uldivmod.S.obj</name>
      </input_file>
      <input_file id="fl-af">
         <path>/Applications/ti/ccs1281/ccs/tools/compiler/ti-cgt-armllvm_3.2.1.LTS/lib/clang/15.0.7/lib/armv7em-ti-none-eabi/</path>
         <kind>archive</kind>
         <file>libclang_rt.builtins.a</file>
         <name>udivmoddi4.S.obj</name>
      </input_file>
      <input_file id="fl-b0">
         <path>/Applications/ti/ccs1281/ccs/tools/compiler/ti-cgt-armllvm_3.2.1.LTS/lib/clang/15.0.7/lib/armv7em-ti-none-eabi/</path>
         <kind>archive</kind>
         <file>libclang_rt.builtins.a</file>
         <name>aeabi_div0.c.obj</name>
      </input_file>
      <input_file id="fl-b1">
         <path>/Applications/ti/ccs1281/ccs/tools/compiler/ti-cgt-armllvm_3.2.1.LTS/lib/armv7em-ti-none-eabi/c/</path>
         <kind>archive</kind>
         <file>libc.a</file>
         <name>memcpy_t2.S.obj</name>
      </input_file>
      <input_file id="fl-b2">
         <path>/Applications/ti/ccs1281/ccs/tools/compiler/ti-cgt-armllvm_3.2.1.LTS/lib/armv7em-ti-none-eabi/c/</path>
         <kind>archive</kind>
         <file>libc.a</file>
         <name>memset_t2.S.obj</name>
      </input_file>
   </input_file_list>
   <object_component_list>
      <object_component id="oc-d3">
         <name>.text.PRCMCC3200MCUInit</name>
         <load_address>0x1000840</load_address>
         <readonly>true</readonly>
         <executable>true</executable>
         <run_address>0x1000840</run_address>
         <size>0x4b8</size>
         <alignment>0x2</alignment>
         <input_file_ref idref="fl-27"/>
      </object_component>
      <object_component id="oc-1c0">
         <name>.text.Power_sleep</name>
         <load_address>0x1000cf8</load_address>
         <readonly>true</readonly>
         <executable>true</executable>
         <run_address>0x1000cf8</run_address>
         <size>0x3e4</size>
         <alignment>0x4</alignment>
         <input_file_ref idref="fl-16"/>
      </object_component>
      <object_component id="oc-171">
         <name>.text.PowerCC32XX_sleepPolicy</name>
         <load_address>0x10010dc</load_address>
         <readonly>true</readonly>
         <executable>true</executable>
         <run_address>0x10010dc</run_address>
         <size>0x150</size>
         <alignment>0x4</alignment>
         <input_file_ref idref="fl-1f"/>
      </object_component>
      <object_component id="oc-144">
         <name>.text.Timer_open</name>
         <load_address>0x100122c</load_address>
         <readonly>true</readonly>
         <executable>true</executable>
         <run_address>0x100122c</run_address>
         <size>0x148</size>
         <alignment>0x4</alignment>
         <input_file_ref idref="fl-19"/>
      </object_component>
      <object_component id="oc-f5">
         <name>.text.GPIO_setConfig</name>
         <load_address>0x1001374</load_address>
         <readonly>true</readonly>
         <executable>true</executable>
         <run_address>0x1001374</run_address>
         <size>0x140</size>
         <alignment>0x4</alignment>
         <input_file_ref idref="fl-15"/>
      </object_component>
      <object_component id="oc-1e6">
         <name>.text.aligned_alloc</name>
         <load_address>0x10014b4</load_address>
         <readonly>true</readonly>
         <executable>true</executable>
         <run_address>0x10014b4</run_address>
         <size>0x120</size>
         <alignment>0x4</alignment>
         <input_file_ref idref="fl-3b"/>
      </object_component>
      <object_component id="oc-14b">
         <name>.text.timerCallback</name>
         <load_address>0x10015d4</load_address>
         <readonly>true</readonly>
         <executable>true</executable>
         <run_address>0x10015d4</run_address>
         <size>0x120</size>
         <alignment>0x4</alignment>
         <input_file_ref idref="fl-1"/>
      </object_component>
      <object_component id="oc-178">
         <name>.text.free</name>
         <load_address>0x10016f4</load_address>
         <readonly>true</readonly>
         <executable>true</executable>
         <run_address>0x10016f4</run_address>
         <size>0xf0</size>
         <alignment>0x4</alignment>
         <input_file_ref idref="fl-3b"/>
      </object_component>
      <object_component id="oc-22f">
         <name>.text.IntDisable</name>
         <load_address>0x10017e4</load_address>
         <readonly>true</readonly>
         <executable>true</executable>
         <run_address>0x10017e4</run_address>
         <size>0xc8</size>
         <alignment>0x2</alignment>
         <input_file_ref idref="fl-25"/>
      </object_component>
      <object_component id="oc-1e9">
         <name>.text.IntEnable</name>
         <load_address>0x10018ac</load_address>
         <readonly>true</readonly>
         <executable>true</executable>
         <run_address>0x10018ac</run_address>
         <size>0xc8</size>
         <alignment>0x2</alignment>
         <input_file_ref idref="fl-25"/>
      </object_component>
      <object_component id="oc-1f3">
         <name>.text</name>
         <load_address>0x1001974</load_address>
         <readonly>true</readonly>
         <executable>true</executable>
         <run_address>0x1001974</run_address>
         <size>0xb0</size>
         <alignment>0x4</alignment>
         <input_file_ref idref="fl-af"/>
      </object_component>
      <object_component id="oc-1a5">
         <name>.text.GPIOIntTypeSet</name>
         <load_address>0x1001a24</load_address>
         <readonly>true</readonly>
         <executable>true</executable>
         <run_address>0x1001a24</run_address>
         <size>0xac</size>
         <alignment>0x2</alignment>
         <input_file_ref idref="fl-23"/>
      </object_component>
      <object_component id="oc-22b">
         <name>.text.IntPendSet</name>
         <load_address>0x1001ad0</load_address>
         <readonly>true</readonly>
         <executable>true</executable>
         <run_address>0x1001ad0</run_address>
         <size>0xa4</size>
         <alignment>0x2</alignment>
         <input_file_ref idref="fl-25"/>
      </object_component>
      <object_component id="oc-14c">
         <name>.text.PinConfigSet</name>
         <load_address>0x1001b74</load_address>
         <readonly>true</readonly>
         <executable>true</executable>
         <run_address>0x1001b74</run_address>
         <size>0xa2</size>
         <alignment>0x2</alignment>
         <input_file_ref idref="fl-26"/>
      </object_component>
      <object_component id="oc-e3">
         <name>.text.Board_initHook</name>
         <load_address>0x1001c16</load_address>
         <readonly>true</readonly>
         <executable>true</executable>
         <run_address>0x1001c16</run_address>
         <size>0x2</size>
         <alignment>0x2</alignment>
         <input_file_ref idref="fl-2"/>
      </object_component>
      <object_component id="oc-126">
         <name>.text.SemaphoreP_pend</name>
         <load_address>0x1001c18</load_address>
         <readonly>true</readonly>
         <executable>true</executable>
         <run_address>0x1001c18</run_address>
         <size>0x98</size>
         <alignment>0x4</alignment>
         <input_file_ref idref="fl-1c"/>
      </object_component>
      <object_component id="oc-200">
         <name>.text</name>
         <load_address>0x1001cb0</load_address>
         <readonly>true</readonly>
         <executable>true</executable>
         <run_address>0x1001cb0</run_address>
         <size>0x96</size>
         <alignment>0x10</alignment>
         <input_file_ref idref="fl-17"/>
      </object_component>
      <object_component id="oc-16c">
         <name>.text.PowerCC32XX_initPolicy</name>
         <load_address>0x1001d46</load_address>
         <readonly>true</readonly>
         <executable>true</executable>
         <run_address>0x1001d46</run_address>
         <size>0x2</size>
         <alignment>0x2</alignment>
         <input_file_ref idref="fl-1f"/>
      </object_component>
      <object_component id="oc-dd">
         <name>.text.GPIO_init</name>
         <load_address>0x1001d48</load_address>
         <readonly>true</readonly>
         <executable>true</executable>
         <run_address>0x1001d48</run_address>
         <size>0x90</size>
         <alignment>0x4</alignment>
         <input_file_ref idref="fl-15"/>
      </object_component>
      <object_component id="oc-105">
         <name>.text.PRCMSysResetCauseGet</name>
         <load_address>0x1001dd8</load_address>
         <readonly>true</readonly>
         <executable>true</executable>
         <run_address>0x1001dd8</run_address>
         <size>0x8e</size>
         <alignment>0x2</alignment>
         <input_file_ref idref="fl-27"/>
      </object_component>
      <object_component id="oc-1d6">
         <name>.text.SemaphoreP_destruct</name>
         <load_address>0x1001e66</load_address>
         <readonly>true</readonly>
         <executable>true</executable>
         <run_address>0x1001e66</run_address>
         <size>0x2</size>
         <alignment>0x2</alignment>
         <input_file_ref idref="fl-1c"/>
      </object_component>
      <object_component id="oc-117">
         <name>.text.PowerCC32XX_configureWakeup</name>
         <load_address>0x1001e68</load_address>
         <readonly>true</readonly>
         <executable>true</executable>
         <run_address>0x1001e68</run_address>
         <size>0x88</size>
         <alignment>0x4</alignment>
         <input_file_ref idref="fl-16"/>
      </object_component>
      <object_component id="oc-d8">
         <name>.text.Power_init</name>
         <load_address>0x1001ef0</load_address>
         <readonly>true</readonly>
         <executable>true</executable>
         <run_address>0x1001ef0</run_address>
         <size>0x78</size>
         <alignment>0x4</alignment>
         <input_file_ref idref="fl-16"/>
      </object_component>
      <object_component id="oc-1a4">
         <name>.text.HwiP_construct</name>
         <load_address>0x1001f68</load_address>
         <readonly>true</readonly>
         <executable>true</executable>
         <run_address>0x1001f68</run_address>
         <size>0x74</size>
         <alignment>0x4</alignment>
         <input_file_ref idref="fl-1e"/>
      </object_component>
      <object_component id="oc-169">
         <name>.text.PRCMHibernateWakeUpGPIOSelect</name>
         <load_address>0x1001fdc</load_address>
         <readonly>true</readonly>
         <executable>true</executable>
         <run_address>0x1001fdc</run_address>
         <size>0x74</size>
         <alignment>0x2</alignment>
         <input_file_ref idref="fl-27"/>
      </object_component>
      <object_component id="oc-19">
         <name>.text:decompress:lzss</name>
         <load_address>0x1002050</load_address>
         <readonly>true</readonly>
         <executable>true</executable>
         <run_address>0x1002050</run_address>
         <size>0x70</size>
         <alignment>0x2</alignment>
         <input_file_ref idref="fl-43"/>
      </object_component>
      <object_component id="oc-1fd">
         <name>.text.PinLockLevelSet</name>
         <load_address>0x10020c0</load_address>
         <readonly>true</readonly>
         <executable>true</executable>
         <run_address>0x10020c0</run_address>
         <size>0x6c</size>
         <alignment>0x2</alignment>
         <input_file_ref idref="fl-26"/>
      </object_component>
      <object_component id="oc-14d">
         <name>.text.Power_setDependency</name>
         <load_address>0x100212c</load_address>
         <readonly>true</readonly>
         <executable>true</executable>
         <run_address>0x100212c</run_address>
         <size>0x6c</size>
         <alignment>0x4</alignment>
         <input_file_ref idref="fl-16"/>
      </object_component>
      <object_component id="oc-12d">
         <name>.text.powerNotifyFxn</name>
         <load_address>0x1002198</load_address>
         <readonly>true</readonly>
         <executable>true</executable>
         <run_address>0x1002198</run_address>
         <size>0x6c</size>
         <alignment>0x4</alignment>
         <input_file_ref idref="fl-15"/>
      </object_component>
      <object_component id="oc-215">
         <name>.text.split</name>
         <load_address>0x1002204</load_address>
         <readonly>true</readonly>
         <executable>true</executable>
         <run_address>0x1002204</run_address>
         <size>0x6c</size>
         <alignment>0x4</alignment>
         <input_file_ref idref="fl-3b"/>
      </object_component>
      <object_component id="oc-10d">
         <name>.text.PRCMPeripheralReset</name>
         <load_address>0x1002270</load_address>
         <readonly>true</readonly>
         <executable>true</executable>
         <run_address>0x1002270</run_address>
         <size>0x6a</size>
         <alignment>0x2</alignment>
         <input_file_ref idref="fl-27"/>
      </object_component>
      <object_component id="oc-210">
         <name>.text.IntPendClear</name>
         <load_address>0x10022da</load_address>
         <readonly>true</readonly>
         <executable>true</executable>
         <run_address>0x10022da</run_address>
         <size>0x68</size>
         <alignment>0x2</alignment>
         <input_file_ref idref="fl-25"/>
      </object_component>
      <object_component id="oc-13d">
         <name>.text.Timer_init</name>
         <load_address>0x1002342</load_address>
         <readonly>true</readonly>
         <executable>true</executable>
         <run_address>0x1002342</run_address>
         <size>0x2</size>
         <alignment>0x2</alignment>
         <input_file_ref idref="fl-18"/>
      </object_component>
      <object_component id="oc-1a0">
         <name>.text.GPIO_write</name>
         <load_address>0x1002344</load_address>
         <readonly>true</readonly>
         <executable>true</executable>
         <run_address>0x1002344</run_address>
         <size>0x60</size>
         <alignment>0x4</alignment>
         <input_file_ref idref="fl-15"/>
      </object_component>
      <object_component id="oc-226">
         <name>.text.FlashDisable</name>
         <load_address>0x10023a4</load_address>
         <readonly>true</readonly>
         <executable>true</executable>
         <run_address>0x10023a4</run_address>
         <size>0x5c</size>
         <alignment>0x2</alignment>
         <input_file_ref idref="fl-2c"/>
      </object_component>
      <object_component id="oc-16b">
         <name>.text.PRCMHibernateWakeupSourceDisable</name>
         <load_address>0x1002400</load_address>
         <readonly>true</readonly>
         <executable>true</executable>
         <run_address>0x1002400</run_address>
         <size>0x5c</size>
         <alignment>0x2</alignment>
         <input_file_ref idref="fl-27"/>
      </object_component>
      <object_component id="oc-192">
         <name>.text.TimerCC32XX_allocateTimerResource</name>
         <load_address>0x100245c</load_address>
         <readonly>true</readonly>
         <executable>true</executable>
         <run_address>0x100245c</run_address>
         <size>0x5c</size>
         <alignment>0x4</alignment>
         <input_file_ref idref="fl-19"/>
      </object_component>
      <object_component id="oc-10c">
         <name>.text.PRCMPeripheralClkEnable</name>
         <load_address>0x10024b8</load_address>
         <readonly>true</readonly>
         <executable>true</executable>
         <run_address>0x10024b8</run_address>
         <size>0x5a</size>
         <alignment>0x2</alignment>
         <input_file_ref idref="fl-27"/>
      </object_component>
      <object_component id="oc-21a">
         <name>.text.__aeabi_ldiv0</name>
         <load_address>0x1002512</load_address>
         <readonly>true</readonly>
         <executable>true</executable>
         <run_address>0x1002512</run_address>
         <size>0x2</size>
         <alignment>0x2</alignment>
         <input_file_ref idref="fl-b0"/>
      </object_component>
      <object_component id="oc-1f1">
         <name>.text.ClockP_startup</name>
         <load_address>0x1002514</load_address>
         <readonly>true</readonly>
         <executable>true</executable>
         <run_address>0x1002514</run_address>
         <size>0x58</size>
         <alignment>0x4</alignment>
         <input_file_ref idref="fl-1d"/>
      </object_component>
      <object_component id="oc-1e8">
         <name>.text.IntPrioritySet</name>
         <load_address>0x100256c</load_address>
         <readonly>true</readonly>
         <executable>true</executable>
         <run_address>0x100256c</run_address>
         <size>0x58</size>
         <alignment>0x2</alignment>
         <input_file_ref idref="fl-25"/>
      </object_component>
      <object_component id="oc-20a">
         <name>.text.PRCMLPDSEnter</name>
         <load_address>0x10025c4</load_address>
         <readonly>true</readonly>
         <executable>true</executable>
         <run_address>0x10025c4</run_address>
         <size>0x56</size>
         <alignment>0x2</alignment>
         <input_file_ref idref="fl-27"/>
      </object_component>
      <object_component id="oc-157">
         <name>.text._nop</name>
         <load_address>0x100261a</load_address>
         <readonly>true</readonly>
         <executable>true</executable>
         <run_address>0x100261a</run_address>
         <size>0x2</size>
         <alignment>0x2</alignment>
         <input_file_ref idref="fl-45"/>
      </object_component>
      <object_component id="oc-18b">
         <name>.text.PowerCC32XX_setParkState</name>
         <load_address>0x100261c</load_address>
         <readonly>true</readonly>
         <executable>true</executable>
         <run_address>0x100261c</run_address>
         <size>0x54</size>
         <alignment>0x4</alignment>
         <input_file_ref idref="fl-16"/>
      </object_component>
      <object_component id="oc-212">
         <name>.text.Power_releaseDependency</name>
         <load_address>0x1002670</load_address>
         <readonly>true</readonly>
         <executable>true</executable>
         <run_address>0x1002670</run_address>
         <size>0x54</size>
         <alignment>0x4</alignment>
         <input_file_ref idref="fl-16"/>
      </object_component>
      <object_component id="oc-155">
         <name>.text.GPIO_hwiIntFxn</name>
         <load_address>0x10026c4</load_address>
         <readonly>true</readonly>
         <executable>true</executable>
         <run_address>0x10026c4</run_address>
         <size>0x50</size>
         <alignment>0x4</alignment>
         <input_file_ref idref="fl-15"/>
      </object_component>
      <object_component id="oc-16a">
         <name>.text.PRCMHibernateWakeupSourceEnable</name>
         <load_address>0x1002714</load_address>
         <readonly>true</readonly>
         <executable>true</executable>
         <run_address>0x1002714</run_address>
         <size>0x50</size>
         <alignment>0x2</alignment>
         <input_file_ref idref="fl-27"/>
      </object_component>
      <object_component id="oc-1c9">
         <name>.text.SemaphoreP_construct</name>
         <load_address>0x1002764</load_address>
         <readonly>true</readonly>
         <executable>true</executable>
         <run_address>0x1002764</run_address>
         <size>0x50</size>
         <alignment>0x4</alignment>
         <input_file_ref idref="fl-1c"/>
      </object_component>
      <object_component id="oc-152">
         <name>.text.GPIO_setInterruptConfig</name>
         <load_address>0x10027b4</load_address>
         <readonly>true</readonly>
         <executable>true</executable>
         <run_address>0x10027b4</run_address>
         <size>0x4c</size>
         <alignment>0x4</alignment>
         <input_file_ref idref="fl-15"/>
      </object_component>
      <object_component id="oc-224">
         <name>.text.PRCMLPDSRestoreInfoSet</name>
         <load_address>0x1002800</load_address>
         <readonly>true</readonly>
         <executable>true</executable>
         <run_address>0x1002800</run_address>
         <size>0x4c</size>
         <alignment>0x2</alignment>
         <input_file_ref idref="fl-27"/>
      </object_component>
      <object_component id="oc-197">
         <name>.text.initHw</name>
         <load_address>0x100284c</load_address>
         <readonly>true</readonly>
         <executable>true</executable>
         <run_address>0x100284c</run_address>
         <size>0x4c</size>
         <alignment>0x2</alignment>
         <input_file_ref idref="fl-19"/>
      </object_component>
      <object_component id="oc-196">
         <name>.text.getPrescaler</name>
         <load_address>0x1002898</load_address>
         <readonly>true</readonly>
         <executable>true</executable>
         <run_address>0x1002898</run_address>
         <size>0x4a</size>
         <alignment>0x2</alignment>
         <input_file_ref idref="fl-19"/>
      </object_component>
      <object_component id="oc-58">
         <name>.text.busFaultHandler</name>
         <load_address>0x10028e2</load_address>
         <readonly>true</readonly>
         <executable>true</executable>
         <run_address>0x10028e2</run_address>
         <size>0x2</size>
         <alignment>0x2</alignment>
         <input_file_ref idref="fl-20"/>
      </object_component>
      <object_component id="oc-59">
         <name>.text.ClockP_sysTickHandler</name>
         <load_address>0x10028e4</load_address>
         <readonly>true</readonly>
         <executable>true</executable>
         <run_address>0x10028e4</run_address>
         <size>0x48</size>
         <alignment>0x4</alignment>
         <input_file_ref idref="fl-1d"/>
      </object_component>
      <object_component id="oc-204">
         <name>.text.PRCMIntEnable</name>
         <load_address>0x100292c</load_address>
         <readonly>true</readonly>
         <executable>true</executable>
         <run_address>0x100292c</run_address>
         <size>0x48</size>
         <alignment>0x2</alignment>
         <input_file_ref idref="fl-27"/>
      </object_component>
      <object_component id="oc-1a2">
         <name>.text.PRCMPeripheralStatusGet</name>
         <load_address>0x1002974</load_address>
         <readonly>true</readonly>
         <executable>true</executable>
         <run_address>0x1002974</run_address>
         <size>0x48</size>
         <alignment>0x2</alignment>
         <input_file_ref idref="fl-27"/>
      </object_component>
      <object_component id="oc-221">
         <name>.text.PinConfigGet</name>
         <load_address>0x10029bc</load_address>
         <readonly>true</readonly>
         <executable>true</executable>
         <run_address>0x10029bc</run_address>
         <size>0x48</size>
         <alignment>0x2</alignment>
         <input_file_ref idref="fl-26"/>
      </object_component>
      <object_component id="oc-209">
         <name>.text.PRCMLPDSEnterKeepDebugIf</name>
         <load_address>0x1002a04</load_address>
         <readonly>true</readonly>
         <executable>true</executable>
         <run_address>0x1002a04</run_address>
         <size>0x46</size>
         <alignment>0x2</alignment>
         <input_file_ref idref="fl-27"/>
      </object_component>
      <object_component id="oc-150">
         <name>.text.GPIODirModeSet</name>
         <load_address>0x1002a4a</load_address>
         <readonly>true</readonly>
         <executable>true</executable>
         <run_address>0x1002a4a</run_address>
         <size>0x44</size>
         <alignment>0x2</alignment>
         <input_file_ref idref="fl-23"/>
      </object_component>
      <object_component id="oc-17f">
         <name>.text.clkFxn</name>
         <load_address>0x1002a8e</load_address>
         <readonly>true</readonly>
         <executable>true</executable>
         <run_address>0x1002a8e</run_address>
         <size>0x2</size>
         <alignment>0x2</alignment>
         <input_file_ref idref="fl-1c"/>
      </object_component>
      <object_component id="oc-1a6">
         <name>.text.GPIO_disableInt</name>
         <load_address>0x1002a90</load_address>
         <readonly>true</readonly>
         <executable>true</executable>
         <run_address>0x1002a90</run_address>
         <size>0x44</size>
         <alignment>0x4</alignment>
         <input_file_ref idref="fl-15"/>
      </object_component>
      <object_component id="oc-f3">
         <name>.text.GPIO_enableInt</name>
         <load_address>0x1002ad4</load_address>
         <readonly>true</readonly>
         <executable>true</executable>
         <run_address>0x1002ad4</run_address>
         <size>0x44</size>
         <alignment>0x4</alignment>
         <input_file_ref idref="fl-15"/>
      </object_component>
      <object_component id="oc-22d">
         <name>.text.Power_releaseConstraint</name>
         <load_address>0x1002b18</load_address>
         <readonly>true</readonly>
         <executable>true</executable>
         <run_address>0x1002b18</run_address>
         <size>0x44</size>
         <alignment>0x4</alignment>
         <input_file_ref idref="fl-16"/>
      </object_component>
      <object_component id="oc-14a">
         <name>.text.Timer_start</name>
         <load_address>0x1002b5c</load_address>
         <readonly>true</readonly>
         <executable>true</executable>
         <run_address>0x1002b5c</run_address>
         <size>0x44</size>
         <alignment>0x2</alignment>
         <input_file_ref idref="fl-18"/>
      </object_component>
      <object_component id="oc-7e">
         <name>.text.addToList</name>
         <load_address>0x1002ba0</load_address>
         <readonly>true</readonly>
         <executable>true</executable>
         <run_address>0x1002ba0</run_address>
         <size>0x44</size>
         <alignment>0x4</alignment>
         <input_file_ref idref="fl-1d"/>
      </object_component>
      <object_component id="oc-114">
         <name>.text.PinModeSet</name>
         <load_address>0x1002be4</load_address>
         <readonly>true</readonly>
         <executable>true</executable>
         <run_address>0x1002be4</run_address>
         <size>0x42</size>
         <alignment>0x2</alignment>
         <input_file_ref idref="fl-26"/>
      </object_component>
      <object_component id="oc-1df">
         <name>.text.TimerControlStall</name>
         <load_address>0x1002c26</load_address>
         <readonly>true</readonly>
         <executable>true</executable>
         <run_address>0x1002c26</run_address>
         <size>0x42</size>
         <alignment>0x2</alignment>
         <input_file_ref idref="fl-2a"/>
      </object_component>
      <object_component id="oc-195">
         <name>.text.Timer_close</name>
         <load_address>0x1002c68</load_address>
         <readonly>true</readonly>
         <executable>true</executable>
         <run_address>0x1002c68</run_address>
         <size>0x42</size>
         <alignment>0x2</alignment>
         <input_file_ref idref="fl-19"/>
      </object_component>
      <object_component id="oc-1b5">
         <name>.text.getCountsRTC</name>
         <load_address>0x1002caa</load_address>
         <readonly>true</readonly>
         <executable>true</executable>
         <run_address>0x1002caa</run_address>
         <size>0x42</size>
         <alignment>0x2</alignment>
         <input_file_ref idref="fl-1f"/>
      </object_component>
      <object_component id="oc-128">
         <name>.text.SemaphoreP_post</name>
         <load_address>0x1002cec</load_address>
         <readonly>true</readonly>
         <executable>true</executable>
         <run_address>0x1002cec</run_address>
         <size>0x40</size>
         <alignment>0x4</alignment>
         <input_file_ref idref="fl-1c"/>
      </object_component>
      <object_component id="oc-1d2">
         <name>.text.Timer_stop</name>
         <load_address>0x1002d2c</load_address>
         <readonly>true</readonly>
         <executable>true</executable>
         <run_address>0x1002d2c</run_address>
         <size>0x40</size>
         <alignment>0x2</alignment>
         <input_file_ref idref="fl-18"/>
      </object_component>
      <object_component id="oc-b1">
         <name>.text.mainThread</name>
         <load_address>0x1002d6c</load_address>
         <readonly>true</readonly>
         <executable>true</executable>
         <run_address>0x1002d6c</run_address>
         <size>0x40</size>
         <alignment>0x4</alignment>
         <input_file_ref idref="fl-1"/>
      </object_component>
      <object_component id="oc-223">
         <name>.text.PinDirModeSet</name>
         <load_address>0x1002dac</load_address>
         <readonly>true</readonly>
         <executable>true</executable>
         <run_address>0x1002dac</run_address>
         <size>0x3e</size>
         <alignment>0x2</alignment>
         <input_file_ref idref="fl-26"/>
      </object_component>
      <object_component id="oc-57">
         <name>.text.defaultHandler</name>
         <load_address>0x1002dea</load_address>
         <readonly>true</readonly>
         <executable>true</executable>
         <run_address>0x1002dea</run_address>
         <size>0x2</size>
         <alignment>0x2</alignment>
         <input_file_ref idref="fl-20"/>
      </object_component>
      <object_component id="oc-1cd">
         <name>.text.ClockP_stop</name>
         <load_address>0x1002dec</load_address>
         <readonly>true</readonly>
         <executable>true</executable>
         <run_address>0x1002dec</run_address>
         <size>0x3c</size>
         <alignment>0x4</alignment>
         <input_file_ref idref="fl-1d"/>
      </object_component>
      <object_component id="oc-f4">
         <name>.text.initTimer</name>
         <load_address>0x1002e28</load_address>
         <readonly>true</readonly>
         <executable>true</executable>
         <run_address>0x1002e28</run_address>
         <size>0x3c</size>
         <alignment>0x4</alignment>
         <input_file_ref idref="fl-1"/>
      </object_component>
      <object_component id="oc-19f">
         <name>.text.TimerSupport_timerEnable</name>
         <load_address>0x1002e64</load_address>
         <readonly>true</readonly>
         <executable>true</executable>
         <run_address>0x1002e64</run_address>
         <size>0x3a</size>
         <alignment>0x2</alignment>
         <input_file_ref idref="fl-19"/>
      </object_component>
      <object_component id="oc-56">
         <name>.text.faultISR</name>
         <load_address>0x1002e9e</load_address>
         <readonly>true</readonly>
         <executable>true</executable>
         <run_address>0x1002e9e</run_address>
         <size>0x2</size>
         <alignment>0x2</alignment>
         <input_file_ref idref="fl-20"/>
      </object_component>
      <object_component id="oc-17e">
         <name>.text.ClockP_destruct</name>
         <load_address>0x1002ea0</load_address>
         <readonly>true</readonly>
         <executable>true</executable>
         <run_address>0x1002ea0</run_address>
         <size>0x38</size>
         <alignment>0x4</alignment>
         <input_file_ref idref="fl-1d"/>
      </object_component>
      <object_component id="oc-1e4">
         <name>.text.Power_setConstraint</name>
         <load_address>0x1002ed8</load_address>
         <readonly>true</readonly>
         <executable>true</executable>
         <run_address>0x1002ed8</run_address>
         <size>0x38</size>
         <alignment>0x4</alignment>
         <input_file_ref idref="fl-16"/>
      </object_component>
      <object_component id="oc-1c6">
         <name>.text.SwiP_restore</name>
         <load_address>0x1002f10</load_address>
         <readonly>true</readonly>
         <executable>true</executable>
         <run_address>0x1002f10</run_address>
         <size>0x38</size>
         <alignment>0x4</alignment>
         <input_file_ref idref="fl-21"/>
      </object_component>
      <object_component id="oc-c0">
         <name>.text:__TI_auto_init_nobinit_nopinit</name>
         <load_address>0x1002f48</load_address>
         <readonly>true</readonly>
         <executable>true</executable>
         <run_address>0x1002f48</run_address>
         <size>0x38</size>
         <alignment>0x4</alignment>
         <input_file_ref idref="fl-3e"/>
      </object_component>
      <object_component id="oc-1ff">
         <name>.text.PinLock</name>
         <load_address>0x1002f80</load_address>
         <readonly>true</readonly>
         <executable>true</executable>
         <run_address>0x1002f80</run_address>
         <size>0x36</size>
         <alignment>0x2</alignment>
         <input_file_ref idref="fl-26"/>
      </object_component>
      <object_component id="oc-19c">
         <name>.text.TimerCC32XX_hwiIntFunction</name>
         <load_address>0x1002fb6</load_address>
         <readonly>true</readonly>
         <executable>true</executable>
         <run_address>0x1002fb6</run_address>
         <size>0x36</size>
         <alignment>0x2</alignment>
         <input_file_ref idref="fl-19"/>
      </object_component>
      <object_component id="oc-17b">
         <name>.text.ClockP_start</name>
         <load_address>0x1002fec</load_address>
         <readonly>true</readonly>
         <executable>true</executable>
         <run_address>0x1002fec</run_address>
         <size>0x34</size>
         <alignment>0x4</alignment>
         <input_file_ref idref="fl-1d"/>
      </object_component>
      <object_component id="oc-222">
         <name>.text.PinDirModeGet</name>
         <load_address>0x1003020</load_address>
         <readonly>true</readonly>
         <executable>true</executable>
         <run_address>0x1003020</run_address>
         <size>0x34</size>
         <alignment>0x2</alignment>
         <input_file_ref idref="fl-26"/>
      </object_component>
      <object_component id="oc-10f">
         <name>.text.PinModeGet</name>
         <load_address>0x1003054</load_address>
         <readonly>true</readonly>
         <executable>true</executable>
         <run_address>0x1003054</run_address>
         <size>0x34</size>
         <alignment>0x2</alignment>
         <input_file_ref idref="fl-26"/>
      </object_component>
      <object_component id="oc-1fc">
         <name>.text.PowerCC32XX_parkPin</name>
         <load_address>0x1003088</load_address>
         <readonly>true</readonly>
         <executable>true</executable>
         <run_address>0x1003088</run_address>
         <size>0x34</size>
         <alignment>0x2</alignment>
         <input_file_ref idref="fl-16"/>
      </object_component>
      <object_component id="oc-1d7">
         <name>.text.TimerCC32XX_freeTimerResource</name>
         <load_address>0x10030bc</load_address>
         <readonly>true</readonly>
         <executable>true</executable>
         <run_address>0x10030bc</run_address>
         <size>0x34</size>
         <alignment>0x4</alignment>
         <input_file_ref idref="fl-19"/>
      </object_component>
      <object_component id="oc-50">
         <name>.text.initVectors</name>
         <load_address>0x10030f0</load_address>
         <readonly>true</readonly>
         <executable>true</executable>
         <run_address>0x10030f0</run_address>
         <size>0x34</size>
         <alignment>0x4</alignment>
         <input_file_ref idref="fl-20"/>
      </object_component>
      <object_component id="oc-1b2">
         <name>.text.ClockP_getTicksUntilInterrupt</name>
         <load_address>0x1003124</load_address>
         <readonly>true</readonly>
         <executable>true</executable>
         <run_address>0x1003124</run_address>
         <size>0x30</size>
         <alignment>0x4</alignment>
         <input_file_ref idref="fl-1d"/>
      </object_component>
      <object_component id="oc-1bf">
         <name>.text.PRCMLPDSIntervalSet</name>
         <load_address>0x1003154</load_address>
         <readonly>true</readonly>
         <executable>true</executable>
         <run_address>0x1003154</run_address>
         <size>0x30</size>
         <alignment>0x2</alignment>
         <input_file_ref idref="fl-27"/>
      </object_component>
      <object_component id="oc-1f2">
         <name>.text.PRCMSlowClkCtrFastGet</name>
         <load_address>0x1003184</load_address>
         <readonly>true</readonly>
         <executable>true</executable>
         <run_address>0x1003184</run_address>
         <size>0x30</size>
         <alignment>0x2</alignment>
         <input_file_ref idref="fl-27"/>
      </object_component>
      <object_component id="oc-1de">
         <name>.text.TimerLoadSet</name>
         <load_address>0x10031b4</load_address>
         <readonly>true</readonly>
         <executable>true</executable>
         <run_address>0x10031b4</run_address>
         <size>0x30</size>
         <alignment>0x2</alignment>
         <input_file_ref idref="fl-2a"/>
      </object_component>
      <object_component id="oc-1dd">
         <name>.text.TimerPrescaleSet</name>
         <load_address>0x10031e4</load_address>
         <readonly>true</readonly>
         <executable>true</executable>
         <run_address>0x10031e4</run_address>
         <size>0x30</size>
         <alignment>0x2</alignment>
         <input_file_ref idref="fl-2a"/>
      </object_component>
      <object_component id="oc-1fa">
         <name>.text.notify</name>
         <load_address>0x1003214</load_address>
         <readonly>true</readonly>
         <executable>true</executable>
         <run_address>0x1003214</run_address>
         <size>0x30</size>
         <alignment>0x4</alignment>
         <input_file_ref idref="fl-16"/>
      </object_component>
      <object_component id="oc-1a8">
         <name>.text.GPIOIntStatus</name>
         <load_address>0x1003244</load_address>
         <readonly>true</readonly>
         <executable>true</executable>
         <run_address>0x1003244</run_address>
         <size>0x2e</size>
         <alignment>0x2</alignment>
         <input_file_ref idref="fl-23"/>
      </object_component>
      <object_component id="oc-14f">
         <name>.text.HwiP_create</name>
         <load_address>0x1003272</load_address>
         <readonly>true</readonly>
         <executable>true</executable>
         <run_address>0x1003272</run_address>
         <size>0x2a</size>
         <alignment>0x2</alignment>
         <input_file_ref idref="fl-1e"/>
      </object_component>
      <object_component id="oc-168">
         <name>.text.PRCMLPDSWakeUpGPIOSelect</name>
         <load_address>0x100329c</load_address>
         <readonly>true</readonly>
         <executable>true</executable>
         <run_address>0x100329c</run_address>
         <size>0x2a</size>
         <alignment>0x2</alignment>
         <input_file_ref idref="fl-27"/>
      </object_component>
      <object_component id="oc-10e">
         <name>.text.PRCMPeripheralClkDisable</name>
         <load_address>0x10032c6</load_address>
         <readonly>true</readonly>
         <executable>true</executable>
         <run_address>0x10032c6</run_address>
         <size>0x2a</size>
         <alignment>0x2</alignment>
         <input_file_ref idref="fl-27"/>
      </object_component>
      <object_component id="oc-20f">
         <name>.text.List_remove</name>
         <load_address>0x10032f0</load_address>
         <readonly>true</readonly>
         <executable>true</executable>
         <run_address>0x10032f0</run_address>
         <size>0x28</size>
         <alignment>0x2</alignment>
         <input_file_ref idref="fl-1a"/>
      </object_component>
      <object_component id="oc-1fb">
         <name>.text.PRCMSRAMRetentionEnable</name>
         <load_address>0x1003318</load_address>
         <readonly>true</readonly>
         <executable>true</executable>
         <run_address>0x1003318</run_address>
         <size>0x28</size>
         <alignment>0x2</alignment>
         <input_file_ref idref="fl-27"/>
      </object_component>
      <object_component id="oc-20e">
         <name>.text.TimerSupport_timerDisable</name>
         <load_address>0x1003340</load_address>
         <readonly>true</readonly>
         <executable>true</executable>
         <run_address>0x1003340</run_address>
         <size>0x28</size>
         <alignment>0x2</alignment>
         <input_file_ref idref="fl-19"/>
      </object_component>
      <object_component id="oc-1cc">
         <name>.text.free_list_insert</name>
         <load_address>0x1003368</load_address>
         <readonly>true</readonly>
         <executable>true</executable>
         <run_address>0x1003368</run_address>
         <size>0x28</size>
         <alignment>0x4</alignment>
         <input_file_ref idref="fl-3b"/>
      </object_component>
      <object_component id="oc-230">
         <name>.text.IntUnregister</name>
         <load_address>0x1003390</load_address>
         <readonly>true</readonly>
         <executable>true</executable>
         <run_address>0x1003390</run_address>
         <size>0x24</size>
         <alignment>0x2</alignment>
         <input_file_ref idref="fl-25"/>
      </object_component>
      <object_component id="oc-180">
         <name>.text.List_put</name>
         <load_address>0x10033b4</load_address>
         <readonly>true</readonly>
         <executable>true</executable>
         <run_address>0x10033b4</run_address>
         <size>0x24</size>
         <alignment>0x2</alignment>
         <input_file_ref idref="fl-1a"/>
      </object_component>
      <object_component id="oc-166">
         <name>.text.PRCMLPDSWakeupSourceEnable</name>
         <load_address>0x10033d8</load_address>
         <readonly>true</readonly>
         <executable>true</executable>
         <run_address>0x10033d8</run_address>
         <size>0x24</size>
         <alignment>0x2</alignment>
         <input_file_ref idref="fl-27"/>
      </object_component>
      <object_component id="oc-206">
         <name>.text.PowerCC32XX_restoreParkedPin</name>
         <load_address>0x10033fc</load_address>
         <readonly>true</readonly>
         <executable>true</executable>
         <run_address>0x10033fc</run_address>
         <size>0x24</size>
         <alignment>0x2</alignment>
         <input_file_ref idref="fl-16"/>
      </object_component>
      <object_component id="oc-127">
         <name>.text.Power_registerNotify</name>
         <load_address>0x1003420</load_address>
         <readonly>true</readonly>
         <executable>true</executable>
         <run_address>0x1003420</run_address>
         <size>0x24</size>
         <alignment>0x4</alignment>
         <input_file_ref idref="fl-16"/>
      </object_component>
      <object_component id="oc-77">
         <name>.text:_c_int00_noargs</name>
         <load_address>0x1003444</load_address>
         <readonly>true</readonly>
         <executable>true</executable>
         <run_address>0x1003444</run_address>
         <size>0x24</size>
         <alignment>0x4</alignment>
         <input_file_ref idref="fl-3c"/>
      </object_component>
      <object_component id="oc-151">
         <name>.text.GPIOPinWrite</name>
         <load_address>0x1003468</load_address>
         <readonly>true</readonly>
         <executable>true</executable>
         <run_address>0x1003468</run_address>
         <size>0x22</size>
         <alignment>0x2</alignment>
         <input_file_ref idref="fl-23"/>
      </object_component>
      <object_component id="oc-205">
         <name>.text.PinUnlock</name>
         <load_address>0x100348a</load_address>
         <readonly>true</readonly>
         <executable>true</executable>
         <run_address>0x100348a</run_address>
         <size>0x22</size>
         <alignment>0x2</alignment>
         <input_file_ref idref="fl-26"/>
      </object_component>
      <object_component id="oc-1e7">
         <name>.text.IntRegister</name>
         <load_address>0x10034ac</load_address>
         <readonly>true</readonly>
         <executable>true</executable>
         <run_address>0x10034ac</run_address>
         <size>0x20</size>
         <alignment>0x2</alignment>
         <input_file_ref idref="fl-25"/>
      </object_component>
      <object_component id="oc-1d3">
         <name>.text.Power_unregisterNotify</name>
         <load_address>0x10034cc</load_address>
         <readonly>true</readonly>
         <executable>true</executable>
         <run_address>0x10034cc</run_address>
         <size>0x20</size>
         <alignment>0x4</alignment>
         <input_file_ref idref="fl-16"/>
      </object_component>
      <object_component id="oc-193">
         <name>.text.SemaphoreP_constructBinary</name>
         <load_address>0x10034ec</load_address>
         <readonly>true</readonly>
         <executable>true</executable>
         <run_address>0x10034ec</run_address>
         <size>0x20</size>
         <alignment>0x4</alignment>
         <input_file_ref idref="fl-1c"/>
      </object_component>
      <object_component id="oc-11d">
         <name>.text.SemaphoreP_createBinary</name>
         <load_address>0x100350c</load_address>
         <readonly>true</readonly>
         <executable>true</executable>
         <run_address>0x100350c</run_address>
         <size>0x20</size>
         <alignment>0x4</alignment>
         <input_file_ref idref="fl-1c"/>
      </object_component>
      <object_component id="oc-1d8">
         <name>.text.TimerDisable</name>
         <load_address>0x100352c</load_address>
         <readonly>true</readonly>
         <executable>true</executable>
         <run_address>0x100352c</run_address>
         <size>0x20</size>
         <alignment>0x2</alignment>
         <input_file_ref idref="fl-2a"/>
      </object_component>
      <object_component id="oc-ee">
         <name>.text.GPIO_setCallback</name>
         <load_address>0x100354c</load_address>
         <readonly>true</readonly>
         <executable>true</executable>
         <run_address>0x100354c</run_address>
         <size>0x1c</size>
         <alignment>0x4</alignment>
         <input_file_ref idref="fl-14"/>
      </object_component>
      <object_component id="oc-1ec">
         <name>.text.HwiP_dispatch</name>
         <load_address>0x1003568</load_address>
         <readonly>true</readonly>
         <executable>true</executable>
         <run_address>0x1003568</run_address>
         <size>0x1c</size>
         <alignment>0x4</alignment>
         <input_file_ref idref="fl-1e"/>
      </object_component>
      <object_component id="oc-1ab">
         <name>.text.SwiP_disable</name>
         <load_address>0x1003584</load_address>
         <readonly>true</readonly>
         <executable>true</executable>
         <run_address>0x1003584</run_address>
         <size>0x1c</size>
         <alignment>0x4</alignment>
         <input_file_ref idref="fl-21"/>
      </object_component>
      <object_component id="oc-1cb">
         <name>.text.free_list_remove</name>
         <load_address>0x10035a0</load_address>
         <readonly>true</readonly>
         <executable>true</executable>
         <run_address>0x10035a0</run_address>
         <size>0x1c</size>
         <alignment>0x4</alignment>
         <input_file_ref idref="fl-3b"/>
      </object_component>
      <object_component id="oc-1d0">
         <name>.text.getPowerMgrId</name>
         <load_address>0x10035bc</load_address>
         <readonly>true</readonly>
         <executable>true</executable>
         <run_address>0x10035bc</run_address>
         <size>0x1c</size>
         <alignment>0x4</alignment>
         <input_file_ref idref="fl-19"/>
      </object_component>
      <object_component id="oc-22">
         <name>.text.resetISR</name>
         <load_address>0x10035d8</load_address>
         <readonly>true</readonly>
         <executable>true</executable>
         <run_address>0x10035d8</run_address>
         <size>0x1c</size>
         <alignment>0x2</alignment>
         <input_file_ref idref="fl-20"/>
      </object_component>
      <object_component id="oc-1ed">
         <name>.text.GPIOIntDisable</name>
         <load_address>0x10035f4</load_address>
         <readonly>true</readonly>
         <executable>true</executable>
         <run_address>0x10035f4</run_address>
         <size>0x1a</size>
         <alignment>0x2</alignment>
         <input_file_ref idref="fl-23"/>
      </object_component>
      <object_component id="oc-10b">
         <name>.text.PRCMHIBRegRead</name>
         <load_address>0x100360e</load_address>
         <readonly>true</readonly>
         <executable>true</executable>
         <run_address>0x100360e</run_address>
         <size>0x1a</size>
         <alignment>0x2</alignment>
         <input_file_ref idref="fl-27"/>
      </object_component>
      <object_component id="oc-10a">
         <name>.text.PRCMHIBRegWrite</name>
         <load_address>0x1003628</load_address>
         <readonly>true</readonly>
         <executable>true</executable>
         <run_address>0x1003628</run_address>
         <size>0x1a</size>
         <alignment>0x2</alignment>
         <input_file_ref idref="fl-27"/>
      </object_component>
      <object_component id="oc-167">
         <name>.text.PRCMLPDSWakeupSourceDisable</name>
         <load_address>0x1003642</load_address>
         <readonly>true</readonly>
         <executable>true</executable>
         <run_address>0x1003642</run_address>
         <size>0x1a</size>
         <alignment>0x2</alignment>
         <input_file_ref idref="fl-27"/>
      </object_component>
      <object_component id="oc-1fe">
         <name>.text.PinToPadGet</name>
         <load_address>0x100365c</load_address>
         <readonly>true</readonly>
         <executable>true</executable>
         <run_address>0x100365c</run_address>
         <size>0x1a</size>
         <alignment>0x2</alignment>
         <input_file_ref idref="fl-26"/>
      </object_component>
      <object_component id="oc-1e5">
         <name>.text.TimerEnable</name>
         <load_address>0x1003676</load_address>
         <readonly>true</readonly>
         <executable>true</executable>
         <run_address>0x1003676</run_address>
         <size>0x1a</size>
         <alignment>0x2</alignment>
         <input_file_ref idref="fl-2a"/>
      </object_component>
      <object_component id="oc-137">
         <name>.text.GPIOIntEnable</name>
         <load_address>0x1003690</load_address>
         <readonly>true</readonly>
         <executable>true</executable>
         <run_address>0x1003690</run_address>
         <size>0x18</size>
         <alignment>0x2</alignment>
         <input_file_ref idref="fl-23"/>
      </object_component>
      <object_component id="oc-174">
         <name>.text.SemaphoreP_create</name>
         <load_address>0x10036a8</load_address>
         <readonly>true</readonly>
         <executable>true</executable>
         <run_address>0x10036a8</run_address>
         <size>0x18</size>
         <alignment>0x2</alignment>
         <input_file_ref idref="fl-1c"/>
      </object_component>
      <object_component id="oc-a7">
         <name>.text.Board_init</name>
         <load_address>0x10036c0</load_address>
         <readonly>true</readonly>
         <executable>true</executable>
         <run_address>0x10036c0</run_address>
         <size>0x16</size>
         <alignment>0x2</alignment>
         <input_file_ref idref="fl-2"/>
      </object_component>
      <object_component id="oc-1c2">
         <name>.text.SysTickPeriodSet</name>
         <load_address>0x10036d6</load_address>
         <readonly>true</readonly>
         <executable>true</executable>
         <run_address>0x10036d6</run_address>
         <size>0x16</size>
         <alignment>0x2</alignment>
         <input_file_ref idref="fl-29"/>
      </object_component>
      <object_component id="oc-22c">
         <name>.text.TimerIntDisable</name>
         <load_address>0x10036ec</load_address>
         <readonly>true</readonly>
         <executable>true</executable>
         <run_address>0x10036ec</run_address>
         <size>0x16</size>
         <alignment>0x2</alignment>
         <input_file_ref idref="fl-2a"/>
      </object_component>
      <object_component id="oc-6d">
         <name>.text.CPUcpsid</name>
         <load_address>0x1003702</load_address>
         <readonly>true</readonly>
         <executable>true</executable>
         <run_address>0x1003702</run_address>
         <size>0x14</size>
         <alignment>0x2</alignment>
         <input_file_ref idref="fl-22"/>
      </object_component>
      <object_component id="oc-18c">
         <name>.text.CPUcpsie</name>
         <load_address>0x1003716</load_address>
         <readonly>true</readonly>
         <executable>true</executable>
         <run_address>0x1003716</run_address>
         <size>0x14</size>
         <alignment>0x2</alignment>
         <input_file_ref idref="fl-22"/>
      </object_component>
      <object_component id="oc-211">
         <name>.text.HwiP_destruct</name>
         <load_address>0x100372a</load_address>
         <readonly>true</readonly>
         <executable>true</executable>
         <run_address>0x100372a</run_address>
         <size>0x14</size>
         <alignment>0x2</alignment>
         <input_file_ref idref="fl-1e"/>
      </object_component>
      <object_component id="oc-74">
         <name>.text.IntVTableBaseSet</name>
         <load_address>0x100373e</load_address>
         <readonly>true</readonly>
         <executable>true</executable>
         <run_address>0x100373e</run_address>
         <size>0x14</size>
         <alignment>0x2</alignment>
         <input_file_ref idref="fl-25"/>
      </object_component>
      <object_component id="oc-55">
         <name>.text.nmiISR</name>
         <load_address>0x1003752</load_address>
         <readonly>true</readonly>
         <executable>true</executable>
         <run_address>0x1003752</run_address>
         <size>0x2</size>
         <alignment>0x2</alignment>
         <input_file_ref idref="fl-20"/>
      </object_component>
      <object_component id="oc-187">
         <name>.text.Power_disablePolicy</name>
         <load_address>0x1003754</load_address>
         <readonly>true</readonly>
         <executable>true</executable>
         <run_address>0x1003754</run_address>
         <size>0x14</size>
         <alignment>0x4</alignment>
         <input_file_ref idref="fl-16"/>
      </object_component>
      <object_component id="oc-1b3">
         <name>.text.Power_getTransitionLatency</name>
         <load_address>0x1003768</load_address>
         <readonly>true</readonly>
         <executable>true</executable>
         <run_address>0x1003768</run_address>
         <size>0x14</size>
         <alignment>0x4</alignment>
         <input_file_ref idref="fl-16"/>
      </object_component>
      <object_component id="oc-1ca">
         <name>.text.Power_idleFunc</name>
         <load_address>0x100377c</load_address>
         <readonly>true</readonly>
         <executable>true</executable>
         <run_address>0x100377c</run_address>
         <size>0x14</size>
         <alignment>0x4</alignment>
         <input_file_ref idref="fl-16"/>
      </object_component>
      <object_component id="oc-1e3">
         <name>.text.TimerIntEnable</name>
         <load_address>0x1003790</load_address>
         <readonly>true</readonly>
         <executable>true</executable>
         <run_address>0x1003790</run_address>
         <size>0x14</size>
         <alignment>0x2</alignment>
         <input_file_ref idref="fl-2a"/>
      </object_component>
      <object_component id="oc-1b6">
         <name>.text.__aeabi_uldivmod</name>
         <load_address>0x10037a4</load_address>
         <readonly>true</readonly>
         <executable>true</executable>
         <run_address>0x10037a4</run_address>
         <size>0x14</size>
         <alignment>0x4</alignment>
         <input_file_ref idref="fl-ae"/>
      </object_component>
      <object_component id="oc-f6">
         <name>.text.gpioButtonFxn0</name>
         <load_address>0x10037b8</load_address>
         <readonly>true</readonly>
         <executable>true</executable>
         <run_address>0x10037b8</run_address>
         <size>0x14</size>
         <alignment>0x4</alignment>
         <input_file_ref idref="fl-1"/>
      </object_component>
      <object_component id="oc-17a">
         <name>.text.ClockP_add</name>
         <load_address>0x10037cc</load_address>
         <readonly>true</readonly>
         <executable>true</executable>
         <run_address>0x10037cc</run_address>
         <size>0x12</size>
         <alignment>0x2</alignment>
         <input_file_ref idref="fl-1d"/>
      </object_component>
      <object_component id="oc-1a7">
         <name>.text.GPIOIntClear</name>
         <load_address>0x10037de</load_address>
         <readonly>true</readonly>
         <executable>true</executable>
         <run_address>0x10037de</run_address>
         <size>0x12</size>
         <alignment>0x2</alignment>
         <input_file_ref idref="fl-23"/>
      </object_component>
      <object_component id="oc-14e">
         <name>.text.HwiP_Params_init</name>
         <load_address>0x10037f0</load_address>
         <readonly>true</readonly>
         <executable>true</executable>
         <run_address>0x10037f0</run_address>
         <size>0x12</size>
         <alignment>0x2</alignment>
         <input_file_ref idref="fl-1e"/>
      </object_component>
      <object_component id="oc-1d5">
         <name>.text.HwiP_delete</name>
         <load_address>0x1003802</load_address>
         <readonly>true</readonly>
         <executable>true</executable>
         <run_address>0x1003802</run_address>
         <size>0x12</size>
         <alignment>0x2</alignment>
         <input_file_ref idref="fl-1e"/>
      </object_component>
      <object_component id="oc-1c3">
         <name>.text.SysTickEnable</name>
         <load_address>0x1003814</load_address>
         <readonly>true</readonly>
         <executable>true</executable>
         <run_address>0x1003814</run_address>
         <size>0x12</size>
         <alignment>0x2</alignment>
         <input_file_ref idref="fl-29"/>
      </object_component>
      <object_component id="oc-1ba">
         <name>.text.SysTickIntDisable</name>
         <load_address>0x1003826</load_address>
         <readonly>true</readonly>
         <executable>true</executable>
         <run_address>0x1003826</run_address>
         <size>0x12</size>
         <alignment>0x2</alignment>
         <input_file_ref idref="fl-29"/>
      </object_component>
      <object_component id="oc-1c4">
         <name>.text.SysTickIntEnable</name>
         <load_address>0x1003838</load_address>
         <readonly>true</readonly>
         <executable>true</executable>
         <run_address>0x1003838</run_address>
         <size>0x12</size>
         <alignment>0x2</alignment>
         <input_file_ref idref="fl-29"/>
      </object_component>
      <object_component id="oc-82">
         <name>.text:TI_memcpy_small</name>
         <load_address>0x100384a</load_address>
         <readonly>true</readonly>
         <executable>true</executable>
         <run_address>0x100384a</run_address>
         <size>0x12</size>
         <alignment>0x1</alignment>
         <input_file_ref idref="fl-b1"/>
      </object_component>
      <object_component id="oc-44">
         <name>.text:decompress:ZI:__TI_zero_init_nomemset</name>
         <load_address>0x100385c</load_address>
         <readonly>true</readonly>
         <executable>true</executable>
         <run_address>0x100385c</run_address>
         <size>0x12</size>
         <alignment>0x2</alignment>
         <input_file_ref idref="fl-41"/>
      </object_component>
      <object_component id="oc-194">
         <name>.text.ClockP_getCpuFreq</name>
         <load_address>0x1003870</load_address>
         <readonly>true</readonly>
         <executable>true</executable>
         <run_address>0x1003870</run_address>
         <size>0x10</size>
         <alignment>0x4</alignment>
         <input_file_ref idref="fl-1d"/>
      </object_component>
      <object_component id="oc-1b4">
         <name>.text.ClockP_getSystemTicks</name>
         <load_address>0x1003880</load_address>
         <readonly>true</readonly>
         <executable>true</executable>
         <run_address>0x1003880</run_address>
         <size>0x10</size>
         <alignment>0x4</alignment>
         <input_file_ref idref="fl-1d"/>
      </object_component>
      <object_component id="oc-1c1">
         <name>.text.ClockP_setTicks</name>
         <load_address>0x1003890</load_address>
         <readonly>true</readonly>
         <executable>true</executable>
         <run_address>0x1003890</run_address>
         <size>0x10</size>
         <alignment>0x4</alignment>
         <input_file_ref idref="fl-1d"/>
      </object_component>
      <object_component id="oc-186">
         <name>.text.HwiP_inISR</name>
         <load_address>0x10038a0</load_address>
         <readonly>true</readonly>
         <executable>true</executable>
         <run_address>0x10038a0</run_address>
         <size>0x10</size>
         <alignment>0x4</alignment>
         <input_file_ref idref="fl-1e"/>
      </object_component>
      <object_component id="oc-17d">
         <name>.text.Power_enablePolicy</name>
         <load_address>0x10038b0</load_address>
         <readonly>true</readonly>
         <executable>true</executable>
         <run_address>0x10038b0</run_address>
         <size>0x10</size>
         <alignment>0x4</alignment>
         <input_file_ref idref="fl-16"/>
      </object_component>
      <object_component id="oc-1e2">
         <name>.text.TimerIntClear</name>
         <load_address>0x10038c0</load_address>
         <readonly>true</readonly>
         <executable>true</executable>
         <run_address>0x10038c0</run_address>
         <size>0x10</size>
         <alignment>0x2</alignment>
         <input_file_ref idref="fl-2a"/>
      </object_component>
      <object_component id="oc-142">
         <name>.text.Timer_Params_init</name>
         <load_address>0x10038d0</load_address>
         <readonly>true</readonly>
         <executable>true</executable>
         <run_address>0x10038d0</run_address>
         <size>0x10</size>
         <alignment>0x4</alignment>
         <input_file_ref idref="fl-18"/>
      </object_component>
      <object_component id="oc-90">
         <name>.text.main</name>
         <load_address>0x10038e0</load_address>
         <readonly>true</readonly>
         <executable>true</executable>
         <run_address>0x10038e0</run_address>
         <size>0x10</size>
         <alignment>0x2</alignment>
         <input_file_ref idref="fl-3"/>
      </object_component>
      <object_component id="oc-1d">
         <name>.text:decompress:none</name>
         <load_address>0x10038f0</load_address>
         <readonly>true</readonly>
         <executable>true</executable>
         <run_address>0x10038f0</run_address>
         <size>0xe</size>
         <alignment>0x2</alignment>
         <input_file_ref idref="fl-42"/>
      </object_component>
      <object_component id="oc-20b">
         <name>.text.CPUwfi</name>
         <load_address>0x10038fe</load_address>
         <readonly>true</readonly>
         <executable>true</executable>
         <run_address>0x10038fe</run_address>
         <size>0xc</size>
         <alignment>0x2</alignment>
         <input_file_ref idref="fl-22"/>
      </object_component>
      <object_component id="oc-207">
         <name>.text.PRCMLPDSWakeupCauseGet</name>
         <load_address>0x100390a</load_address>
         <readonly>true</readonly>
         <executable>true</executable>
         <run_address>0x100390a</run_address>
         <size>0xc</size>
         <alignment>0x2</alignment>
         <input_file_ref idref="fl-27"/>
      </object_component>
      <object_component id="oc-1b1">
         <name>.text.Power_getConstraintMask</name>
         <load_address>0x1003918</load_address>
         <readonly>true</readonly>
         <executable>true</executable>
         <run_address>0x1003918</run_address>
         <size>0xc</size>
         <alignment>0x4</alignment>
         <input_file_ref idref="fl-16"/>
      </object_component>
      <object_component id="oc-19b">
         <name>.text.postNotifyFxn</name>
         <load_address>0x1003924</load_address>
         <readonly>true</readonly>
         <executable>true</executable>
         <run_address>0x1003924</run_address>
         <size>0xc</size>
         <alignment>0x2</alignment>
         <input_file_ref idref="fl-19"/>
      </object_component>
      <object_component id="oc-17c">
         <name>.text.ClockP_isActive</name>
         <load_address>0x1003930</load_address>
         <readonly>true</readonly>
         <executable>true</executable>
         <run_address>0x1003930</run_address>
         <size>0xa</size>
         <alignment>0x2</alignment>
         <input_file_ref idref="fl-1d"/>
      </object_component>
      <object_component id="oc-4b">
         <name>.text.IntMasterDisable</name>
         <load_address>0x100393a</load_address>
         <readonly>true</readonly>
         <executable>true</executable>
         <run_address>0x100393a</run_address>
         <size>0xa</size>
         <alignment>0x2</alignment>
         <input_file_ref idref="fl-25"/>
      </object_component>
      <object_component id="oc-130">
         <name>.text.IntMasterEnable</name>
         <load_address>0x1003944</load_address>
         <readonly>true</readonly>
         <executable>true</executable>
         <run_address>0x1003944</run_address>
         <size>0xa</size>
         <alignment>0x2</alignment>
         <input_file_ref idref="fl-25"/>
      </object_component>
      <object_component id="oc-123">
         <name>.text.HwiP_disable</name>
         <load_address>0x100394e</load_address>
         <readonly>true</readonly>
         <executable>true</executable>
         <run_address>0x100394e</run_address>
         <size>0x8</size>
         <alignment>0x2</alignment>
         <input_file_ref idref="fl-1e"/>
      </object_component>
      <object_component id="oc-124">
         <name>.text.HwiP_restore</name>
         <load_address>0x1003956</load_address>
         <readonly>true</readonly>
         <executable>true</executable>
         <run_address>0x1003956</run_address>
         <size>0x8</size>
         <alignment>0x2</alignment>
         <input_file_ref idref="fl-1e"/>
      </object_component>
      <object_component id="oc-1c5">
         <name>.text.PRCMSleepEnter</name>
         <load_address>0x100395e</load_address>
         <readonly>true</readonly>
         <executable>true</executable>
         <run_address>0x100395e</run_address>
         <size>0x8</size>
         <alignment>0x2</alignment>
         <input_file_ref idref="fl-27"/>
      </object_component>
      <object_component id="oc-106">
         <name>.text.UtilsDelay</name>
         <load_address>0x1003966</load_address>
         <readonly>true</readonly>
         <executable>true</executable>
         <run_address>0x1003966</run_address>
         <size>0x8</size>
         <alignment>0x2</alignment>
         <input_file_ref idref="fl-2b"/>
      </object_component>
      <object_component id="oc-1a3">
         <name>.text.malloc</name>
         <load_address>0x100396e</load_address>
         <readonly>true</readonly>
         <executable>true</executable>
         <run_address>0x100396e</run_address>
         <size>0x8</size>
         <alignment>0x2</alignment>
         <input_file_ref idref="fl-3b"/>
      </object_component>
      <object_component id="oc-1c7">
[...]
      </symbol>
      <symbol id="sm-1cc">
         <name>ClockP_stop</name>
         <value>0x1002ded</value>
         <object_component_ref idref="oc-1cd"/>
      </symbol>
      <symbol id="sm-1cd">
         <name>ClockP_destruct</name>
         <value>0x1002ea1</value>
         <object_component_ref idref="oc-17e"/>
      </symbol>
      <symbol id="sm-1ce">
         <name>ClockP_doTick</name>
         <value>0x1003977</value>
         <object_component_ref idref="oc-1c7"/>
      </symbol>
      <symbol id="sm-1cf">
         <name>ClockP_getCpuFreq</name>
         <value>0x1003871</value>
         <object_component_ref idref="oc-194"/>
      </symbol>
      <symbol id="sm-1d0">
         <name>ClockP_getSystemTicks</name>
         <value>0x1003881</value>
         <object_component_ref idref="oc-1b4"/>
      </symbol>
      <symbol id="sm-1d1">
         <name>ClockP_getTicksUntilInterrupt</name>
         <value>0x1003125</value>
         <object_component_ref idref="oc-1b2"/>
      </symbol>
      <symbol id="sm-1d2">
         <name>ClockP_isActive</name>
         <value>0x1003931</value>
         <object_component_ref idref="oc-17c"/>
      </symbol>
      <symbol id="sm-1d3">
         <name>ClockP_setTicks</name>
         <value>0x1003891</value>
         <object_component_ref idref="oc-1c1"/>
      </symbol>
      <symbol id="sm-1d4">
         <name>ClockP_tickPeriod</name>
         <value>0x2000897c</value>
         <object_component_ref idref="oc-1c8"/>
      </symbol>
      <symbol id="sm-1f9">
         <name>HwiP_enable</name>
         <value>0x100397f</value>
         <object_component_ref idref="oc-e6"/>
      </symbol>
      <symbol id="sm-1fa">
         <name>HwiP_disable</name>
         <value>0x100394f</value>
         <object_component_ref idref="oc-123"/>
      </symbol>
      <symbol id="sm-1fb">
         <name>HwiP_restore</name>
         <value>0x1003957</value>
         <object_component_ref idref="oc-124"/>
      </symbol>
      <symbol id="sm-1fc">
         <name>HwiP_clearInterrupt</name>
         <value>0x100397b</value>
         <object_component_ref idref="oc-1d4"/>
      </symbol>
      <symbol id="sm-1fd">
         <name>HwiP_destruct</name>
         <value>0x100372b</value>
         <object_component_ref idref="oc-211"/>
      </symbol>
      <symbol id="sm-1fe">
         <name>HwiP_delete</name>
         <value>0x1003803</value>
         <object_component_ref idref="oc-1d5"/>
      </symbol>
      <symbol id="sm-1ff">
         <name>HwiP_dispatch</name>
         <value>0x1003569</value>
         <object_component_ref idref="oc-1ec"/>
      </symbol>
      <symbol id="sm-200">
         <name>HwiP_construct</name>
         <value>0x1001f69</value>
         <object_component_ref idref="oc-1a4"/>
      </symbol>
      <symbol id="sm-201">
         <name>HwiP_swiPIntNum</name>
         <value>0x20008980</value>
         <object_component_ref idref="oc-1ea"/>
      </symbol>
      <symbol id="sm-202">
         <name>HwiP_Params_init</name>
         <value>0x10037f1</value>
         <object_component_ref idref="oc-14e"/>
      </symbol>
      <symbol id="sm-203">
         <name>HwiP_create</name>
         <value>0x1003273</value>
         <object_component_ref idref="oc-14f"/>
      </symbol>
      <symbol id="sm-204">
         <name>HwiP_post</name>
         <value>0x1003983</value>
         <object_component_ref idref="oc-20c"/>
      </symbol>
      <symbol id="sm-205">
         <name>HwiP_inISR</name>
         <value>0x10038a1</value>
         <object_component_ref idref="oc-186"/>
      </symbol>
      <symbol id="sm-215">
         <name>PowerCC32XX_initPolicy</name>
         <value>0x1001d47</value>
         <object_component_ref idref="oc-16c"/>
      </symbol>
      <symbol id="sm-216">
         <name>PowerCC32XX_sleepPolicy</name>
         <value>0x10010dd</value>
         <object_component_ref idref="oc-171"/>
      </symbol>
      <symbol id="sm-233">
         <name>resetISR</name>
         <value>0x10035d9</value>
         <object_component_ref idref="oc-22"/>
      </symbol>
      <symbol id="sm-234">
         <name>initVectors</name>
         <value>0x10030f1</value>
         <object_component_ref idref="oc-50"/>
      </symbol>
      <symbol id="sm-249">
         <name>SwiP_disable</name>
         <value>0x1003585</value>
         <object_component_ref idref="oc-1ab"/>
      </symbol>
      <symbol id="sm-24a">
         <name>SwiP_restore</name>
         <value>0x1002f11</value>
         <object_component_ref idref="oc-1c6"/>
      </symbol>
      <symbol id="sm-261">
         <name>CPUcpsid</name>
         <value>0x1003703</value>
         <object_component_ref idref="oc-6d"/>
      </symbol>
      <symbol id="sm-262">
         <name>CPUcpsie</name>
         <value>0x1003717</value>
         <object_component_ref idref="oc-18c"/>
      </symbol>
      <symbol id="sm-263">
         <name>CPUwfi</name>
         <value>0x10038ff</value>
         <object_component_ref idref="oc-20b"/>
      </symbol>
      <symbol id="sm-29c">
         <name>GPIODirModeSet</name>
         <value>0x1002a4b</value>
         <object_component_ref idref="oc-150"/>
      </symbol>
      <symbol id="sm-29d">
         <name>GPIOIntClear</name>
         <value>0x10037df</value>
         <object_component_ref idref="oc-1a7"/>
      </symbol>
      <symbol id="sm-29e">
         <name>GPIOIntDisable</name>
         <value>0x10035f5</value>
         <object_component_ref idref="oc-1ed"/>
      </symbol>
      <symbol id="sm-29f">
         <name>GPIOIntEnable</name>
         <value>0x1003691</value>
         <object_component_ref idref="oc-137"/>
      </symbol>
      <symbol id="sm-2a0">
         <name>GPIOIntStatus</name>
         <value>0x1003245</value>
         <object_component_ref idref="oc-1a8"/>
      </symbol>
      <symbol id="sm-2a1">
         <name>GPIOIntTypeSet</name>
         <value>0x1001a25</value>
         <object_component_ref idref="oc-1a5"/>
      </symbol>
      <symbol id="sm-2a2">
         <name>GPIOPinWrite</name>
         <value>0x1003469</value>
         <object_component_ref idref="oc-151"/>
      </symbol>
      <symbol id="sm-2f2">
         <name>IntDisable</name>
         <value>0x10017e5</value>
         <object_component_ref idref="oc-22f"/>
      </symbol>
      <symbol id="sm-2f3">
         <name>IntEnable</name>
         <value>0x10018ad</value>
         <object_component_ref idref="oc-1e9"/>
      </symbol>
      <symbol id="sm-2f4">
         <name>IntMasterDisable</name>
         <value>0x100393b</value>
         <object_component_ref idref="oc-4b"/>
      </symbol>
      <symbol id="sm-2f5">
         <name>IntMasterEnable</name>
         <value>0x1003945</value>
         <object_component_ref idref="oc-130"/>
      </symbol>
      <symbol id="sm-2f6">
         <name>IntPendClear</name>
         <value>0x10022db</value>
         <object_component_ref idref="oc-210"/>
      </symbol>
      <symbol id="sm-2f7">
         <name>IntPendSet</name>
         <value>0x1001ad1</value>
         <object_component_ref idref="oc-22b"/>
      </symbol>
      <symbol id="sm-2f8">
         <name>IntPrioritySet</name>
         <value>0x100256d</value>
         <object_component_ref idref="oc-1e8"/>
      </symbol>
      <symbol id="sm-2f9">
         <name>IntRegister</name>
         <value>0x10034ad</value>
         <object_component_ref idref="oc-1e7"/>
      </symbol>
      <symbol id="sm-2fa">
         <name>IntUnregister</name>
         <value>0x1003391</value>
         <object_component_ref idref="oc-230"/>
      </symbol>
      <symbol id="sm-2fb">
         <name>IntVTableBaseSet</name>
         <value>0x100373f</value>
         <object_component_ref idref="oc-74"/>
      </symbol>
      <symbol id="sm-341">
         <name>PinConfigGet</name>
         <value>0x10029bd</value>
         <object_component_ref idref="oc-221"/>
      </symbol>
      <symbol id="sm-342">
         <name>PinConfigSet</name>
         <value>0x1001b75</value>
         <object_component_ref idref="oc-14c"/>
      </symbol>
      <symbol id="sm-343">
         <name>PinDirModeGet</name>
         <value>0x1003021</value>
         <object_component_ref idref="oc-222"/>
      </symbol>
      <symbol id="sm-344">
         <name>PinDirModeSet</name>
         <value>0x1002dad</value>
         <object_component_ref idref="oc-223"/>
      </symbol>
      <symbol id="sm-345">
         <name>PinLock</name>
         <value>0x1002f81</value>
         <object_component_ref idref="oc-1ff"/>
      </symbol>
      <symbol id="sm-346">
         <name>PinLockLevelSet</name>
         <value>0x10020c1</value>
         <object_component_ref idref="oc-1fd"/>
      </symbol>
      <symbol id="sm-347">
         <name>PinModeGet</name>
         <value>0x1003055</value>
         <object_component_ref idref="oc-10f"/>
      </symbol>
      <symbol id="sm-348">
         <name>PinModeSet</name>
         <value>0x1002be5</value>
         <object_component_ref idref="oc-114"/>
      </symbol>
      <symbol id="sm-349">
         <name>PinToPadGet</name>
         <value>0x100365d</value>
         <object_component_ref idref="oc-1fe"/>
      </symbol>
      <symbol id="sm-34a">
         <name>PinUnlock</name>
         <value>0x100348b</value>
         <object_component_ref idref="oc-205"/>
      </symbol>
      <symbol id="sm-3fc">
         <name>PRCMCC3200MCUInit</name>
         <value>0x1000841</value>
         <object_component_ref idref="oc-d3"/>
      </symbol>
      <symbol id="sm-3fd">
         <name>PRCMHIBRegRead</name>
         <value>0x100360f</value>
         <object_component_ref idref="oc-10b"/>
      </symbol>
      <symbol id="sm-3fe">
         <name>PRCMHIBRegWrite</name>
         <value>0x1003629</value>
         <object_component_ref idref="oc-10a"/>
      </symbol>
      <symbol id="sm-3ff">
         <name>PRCMHibernateWakeUpGPIOSelect</name>
         <value>0x1001fdd</value>
         <object_component_ref idref="oc-169"/>
      </symbol>
      <symbol id="sm-400">
         <name>PRCMHibernateWakeupSourceDisable</name>
         <value>0x1002401</value>
         <object_component_ref idref="oc-16b"/>
      </symbol>
      <symbol id="sm-401">
         <name>PRCMHibernateWakeupSourceEnable</name>
         <value>0x1002715</value>
         <object_component_ref idref="oc-16a"/>
      </symbol>
      <symbol id="sm-402">
         <name>PRCMIntEnable</name>
         <value>0x100292d</value>
         <object_component_ref idref="oc-204"/>
      </symbol>
      <symbol id="sm-403">
         <name>PRCMLPDSEnter</name>
         <value>0x10025c5</value>
         <object_component_ref idref="oc-20a"/>
      </symbol>
      <symbol id="sm-404">
         <name>PRCMLPDSEnterKeepDebugIf</name>
         <value>0x1002a05</value>
         <object_component_ref idref="oc-209"/>
      </symbol>
      <symbol id="sm-405">
         <name>PRCMLPDSIntervalSet</name>
         <value>0x1003155</value>
         <object_component_ref idref="oc-1bf"/>
      </symbol>
      <symbol id="sm-406">
         <name>PRCMLPDSRestoreInfoSet</name>
         <value>0x1002801</value>
         <object_component_ref idref="oc-224"/>
      </symbol>
      <symbol id="sm-407">
         <name>PRCMLPDSWakeUpGPIOSelect</name>
         <value>0x100329d</value>
         <object_component_ref idref="oc-168"/>
      </symbol>
      <symbol id="sm-408">
         <name>PRCMLPDSWakeupCauseGet</name>
         <value>0x100390b</value>
         <object_component_ref idref="oc-207"/>
      </symbol>
      <symbol id="sm-409">
         <name>PRCMLPDSWakeupSourceDisable</name>
         <value>0x1003643</value>
         <object_component_ref idref="oc-167"/>
      </symbol>
      <symbol id="sm-40a">
         <name>PRCMLPDSWakeupSourceEnable</name>
         <value>0x10033d9</value>
         <object_component_ref idref="oc-166"/>
      </symbol>
      <symbol id="sm-40b">
         <name>PRCMPeripheralClkDisable</name>
         <value>0x10032c7</value>
         <object_component_ref idref="oc-10e"/>
      </symbol>
      <symbol id="sm-40c">
         <name>PRCMPeripheralClkEnable</name>
         <value>0x10024b9</value>
         <object_component_ref idref="oc-10c"/>
      </symbol>
      <symbol id="sm-40d">
         <name>PRCMPeripheralReset</name>
         <value>0x1002271</value>
         <object_component_ref idref="oc-10d"/>
      </symbol>
      <symbol id="sm-40e">
         <name>PRCMPeripheralStatusGet</name>
         <value>0x1002975</value>
         <object_component_ref idref="oc-1a2"/>
      </symbol>
      <symbol id="sm-40f">
         <name>PRCMSRAMRetentionEnable</name>
         <value>0x1003319</value>
         <object_component_ref idref="oc-1fb"/>
      </symbol>
      <symbol id="sm-410">
         <name>PRCMSleepEnter</name>
         <value>0x100395f</value>
         <object_component_ref idref="oc-1c5"/>
      </symbol>
      <symbol id="sm-411">
         <name>PRCMSlowClkCtrFastGet</name>
         <value>0x1003185</value>
         <object_component_ref idref="oc-1f2"/>
      </symbol>
      <symbol id="sm-412">
         <name>PRCMSysResetCauseGet</name>
         <value>0x1001dd9</value>
         <object_component_ref idref="oc-105"/>
      </symbol>
      <symbol id="sm-430">
         <name>SysTickEnable</name>
         <value>0x1003815</value>
         <object_component_ref idref="oc-1c3"/>
      </symbol>
      <symbol id="sm-431">
         <name>SysTickIntDisable</name>
         <value>0x1003827</value>
         <object_component_ref idref="oc-1ba"/>
      </symbol>
      <symbol id="sm-432">
         <name>SysTickIntEnable</name>
         <value>0x1003839</value>
         <object_component_ref idref="oc-1c4"/>
      </symbol>
      <symbol id="sm-433">
         <name>SysTickPeriodSet</name>
         <value>0x10036d7</value>
         <object_component_ref idref="oc-1c2"/>
      </symbol>
      <symbol id="sm-472">
         <name>TimerControlStall</name>
         <value>0x1002c27</value>
         <object_component_ref idref="oc-1df"/>
      </symbol>
      <symbol id="sm-473">
         <name>TimerDisable</name>
         <value>0x100352d</value>
         <object_component_ref idref="oc-1d8"/>
      </symbol>
      <symbol id="sm-474">
         <name>TimerEnable</name>
         <value>0x1003677</value>
         <object_component_ref idref="oc-1e5"/>
      </symbol>
      <symbol id="sm-475">
         <name>TimerIntClear</name>
         <value>0x10038c1</value>
         <object_component_ref idref="oc-1e2"/>
      </symbol>
      <symbol id="sm-476">
         <name>TimerIntDisable</name>
         <value>0x10036ed</value>
         <object_component_ref idref="oc-22c"/>
      </symbol>
      <symbol id="sm-477">
         <name>TimerIntEnable</name>
         <value>0x1003791</value>
         <object_component_ref idref="oc-1e3"/>
      </symbol>
      <symbol id="sm-478">
         <name>TimerLoadSet</name>
         <value>0x10031b5</value>
         <object_component_ref idref="oc-1de"/>
      </symbol>
      <symbol id="sm-479">
         <name>TimerPrescaleSet</name>
         <value>0x10031e5</value>
         <object_component_ref idref="oc-1dd"/>
      </symbol>
      <symbol id="sm-484">
         <name>UtilsDelay</name>
         <value>0x1003967</value>
         <object_component_ref idref="oc-106"/>
      </symbol>
      <symbol id="sm-4b1">
         <name>FlashDisable</name>
         <value>0x10023a5</value>
         <object_component_ref idref="oc-226"/>
      </symbol>
      <symbol id="sm-4d1">
         <name>malloc</name>
         <value>0x100396f</value>
         <object_component_ref idref="oc-1a3"/>
      </symbol>
      <symbol id="sm-4d2">
         <name>aligned_alloc</name>
         <value>0x10014b5</value>
         <object_component_ref idref="oc-1e6"/>
      </symbol>
      <symbol id="sm-4d3">
         <name>free</name>
         <value>0x10016f5</value>
         <object_component_ref idref="oc-178"/>
      </symbol>
      <symbol id="sm-4d4">
         <name>_sys_memory</name>
         <value>0x20000310</value>
         <object_component_ref idref="oc-32"/>
      </symbol>
      <symbol id="sm-4d5">
         <name>memalign</name>
         <value>0x10014b5</value>
         <object_component_ref idref="oc-1e6"/>
      </symbol>
      <symbol id="sm-4e0">
         <name>_c_int00_noargs</name>
         <value>0x1003445</value>
         <object_component_ref idref="oc-77"/>
      </symbol>
      <symbol id="sm-4e1">
         <name>__stack</name>
         <value>0x2003f000</value>
         <object_component_ref idref="oc-17"/>
      </symbol>
      <symbol id="sm-4ed">
         <name>__TI_auto_init_nobinit_nopinit</name>
         <value>0x1002f49</value>
         <object_component_ref idref="oc-c0"/>
      </symbol>
      <symbol id="sm-4f5">
         <name>_system_pre_init</name>
         <value>0x1003999</value>
         <object_component_ref idref="oc-8c"/>
      </symbol>
      <symbol id="sm-500">
         <name>__TI_zero_init_nomemset</name>
         <value>0x100385d</value>
         <object_component_ref idref="oc-44"/>
      </symbol>
      <symbol id="sm-509">
         <name>__TI_decompress_none</name>
         <value>0x10038f1</value>
         <object_component_ref idref="oc-1d"/>
      </symbol>
      <symbol id="sm-513">
         <name>__TI_decompress_lzss</name>
         <value>0x1002051</value>
         <object_component_ref idref="oc-19"/>
      </symbol>
      <symbol id="sm-51d">
         <name>abort</name>
         <value>0x100399d</value>
         <object_component_ref idref="oc-b9"/>
      </symbol>
      <symbol id="sm-51e">
         <name>C$$EXIT</name>
         <value>0x100399c</value>
         <object_component_ref idref="oc-b9"/>
      </symbol>
      <symbol id="sm-527">
         <name>_nop</name>
         <value>0x100261b</value>
         <object_component_ref idref="oc-157"/>
      </symbol>
      <symbol id="sm-528">
         <name>_lock</name>
         <value>0x20008984</value>
         <object_component_ref idref="oc-fb"/>
      </symbol>
      <symbol id="sm-529">
         <name>_unlock</name>
         <value>0x20008988</value>
         <object_component_ref idref="oc-fe"/>
      </symbol>
      <symbol id="sm-530">
         <name>__aeabi_memcpy</name>
         <value>0x1003995</value>
         <object_component_ref idref="oc-3d"/>
      </symbol>
      <symbol id="sm-531">
         <name>__aeabi_memcpy4</name>
         <value>0x1003995</value>
         <object_component_ref idref="oc-3d"/>
      </symbol>
      <symbol id="sm-532">
         <name>__aeabi_memcpy8</name>
         <value>0x1003995</value>
         <object_component_ref idref="oc-3d"/>
      </symbol>
      <symbol id="sm-538">
         <name>__aeabi_uldivmod</name>
         <value>0x10037a5</value>
         <object_component_ref idref="oc-1b6"/>
      </symbol>
      <symbol id="sm-53e">
         <name>__udivmoddi4</name>
         <value>0x1001975</value>
         <object_component_ref idref="oc-1f3"/>
      </symbol>
      <symbol id="sm-548">
         <name>__aeabi_ldiv0</name>
         <value>0x1002513</value>
         <object_component_ref idref="oc-21a"/>
      </symbol>
      <symbol id="sm-550">
         <name>TI_memcpy_small</name>
         <value>0x100384b</value>
         <object_component_ref idref="oc-82"/>
      </symbol>
      <symbol id="sm-551">
         <name>__TI_static_base__</name>
         <value>0x1003d4c</value>
      </symbol>
      <symbol id="sm-554">
         <name>ITM_flush</name>
         <value>0x0</value>
      </symbol>
      <symbol id="sm-555">
         <name>ITM_restore</name>
         <value>0x0</value>
      </symbol>
      <symbol id="sm-556">
         <name>__mpu_init</name>
         <value>0x0</value>
      </symbol>
      <symbol id="sm-557">
         <name>_system_post_cinit</name>
         <value>0x0</value>
      </symbol>
   </symbol_table>
   <title>Link successful</title>
</link_info>
